### ISTIO

[centos@k8smaster ~]$ curl -L https://istio.io/downloadIstio | sh -
  % Total    % Received % Xferd  Average Speed   Time    Time     Time  Current
                                 Dload  Upload   Total   Spent    Left  Speed
100   102  100   102    0     0    117      0 --:--:-- --:--:-- --:--:--   117
100  4579  100  4579    0     0   3585      0  0:00:01  0:00:01 --:--:--     0

Downloading istio-1.8.2 from https://github.com/istio/istio/releases/download/1.8.2/istio-1.8.2-linux-amd64.tar.gz ...

Istio 1.8.2 Download Complete!

Istio has been successfully downloaded into the istio-1.8.2 folder on your system.

Next Steps:
See https://istio.io/latest/docs/setup/install/ to add Istio to your Kubernetes cluster.

To configure the istioctl client tool for your workstation,
add the /home/centos/istio-1.8.2/bin directory to your environment path variable with:
         export PATH="$PATH:/home/centos/istio-1.8.2/bin"

Begin the Istio pre-installation check by running:
         istioctl x precheck

Need more information? Visit https://istio.io/latest/docs/setup/install/
[centos@k8smaster ~]$  export PATH="$PATH:/home/centos/istio-1.8.2/bin"
[centos@k8smaster ~]$ cd istio-1.8.2/
[centos@k8smaster istio-1.8.2]$ ls -ltra
total 24
drwxr-x---   3 centos centos    83 Jan 13 02:06 tools
drwxr-xr-x  19 centos centos   307 Jan 13 02:06 samples
-rw-r--r--   1 centos centos  5866 Jan 13 02:06 README.md
-rw-r-----   1 centos centos   853 Jan 13 02:06 manifest.yaml
drwxr-xr-x   5 centos centos    52 Jan 13 02:06 manifests
-rw-r--r--   1 centos centos 11348 Jan 13 02:06 LICENSE
drwxr-x---   2 centos centos    22 Jan 13 02:06 bin
drwxr-x---   6 centos centos   115 Jan 13 02:06 .
drwx------.  9 centos centos   268 Jan 27 15:02 ..
[centos@k8smaster istio-1.8.2]$ istioctl x precheck
Istio already installed in namespace "istio-system".  Skipping pre-check.  Confirm with 'istioctl verify-install'.
Use 'istioctl upgrade' to upgrade or 'istioctl install --set revision=<revision>' to install another control plane.
[centos@k8smaster istio-1.8.2]$ istioctl verify-install
Error: could not load IstioOperator from cluster: the server could not find the requested resource.  Use --filename
[centos@k8smaster istio-1.8.2]$ kubectl get namespaces
NAME              STATUS   AGE
default           Active   19h
istio-system      Active   10m
kube-node-lease   Active   19h
kube-public       Active   19h
kube-system       Active   19h
[centos@k8smaster istio-1.8.2]$ kubectl delete namespaces istio-system
namespace "istio-system" deleted
[centos@k8smaster istio-1.8.2]$ istioctl verify-install
Error: could not load IstioOperator from cluster: the server could not find the requested resource.  Use --filename
[centos@k8smaster istio-1.8.2]$ istioctl x precheck

Checking the cluster to make sure it is ready for Istio installation...

#1. Kubernetes-api
-----------------------
Can initialize the Kubernetes client.
Can query the Kubernetes API Server.

#2. Kubernetes-version
-----------------------
Istio is compatible with Kubernetes: v1.20.2.

#3. Istio-existence
-----------------------
Istio will be installed in the istio-system namespace.

#4. Kubernetes-setup
-----------------------
Can create necessary Kubernetes configurations: Namespace,ClusterRole,ClusterRoleBinding,CustomResourceDefinition,Role,ServiceAccount,Service,Deployments,ConfigMap.

#5. SideCar-Injector
-----------------------
This Kubernetes cluster supports automatic sidecar injection. To enable automatic sidecar injection see https://istio.io/v1.8/docs/setup/additional-setup/sidecar-injection/#deploying-an-app

-----------------------
Install Pre-Check passed! The cluster is ready for Istio installation.


[centos@k8smaster istio-1.8.2]$ istioctl install --set profile=demo -y
✔ Istio core installed
✔ Istiod installed
✔ Ingress gateways installed
✔ Egress gateways installed
✔ Installation complete
[centos@k8smaster istio-1.8.2]$

[centos@k8smaster istio-1.8.2]$ kubectl label namespace default istio-injection=enabled
namespace/default labeled
[centos@k8smaster istio-1.8.2]$

NAMESPACE      NAME                                      READY   STATUS    RESTARTS   AGE
istio-system   istio-egressgateway-64d976b9b5-fwbtv      1/1     Running   0          4m48s
istio-system   istio-ingressgateway-68c86b9fc8-2s5xd     1/1     Running   0          4m48s
istio-system   istiod-5c986fb85b-fj2xv                   1/1     Running   0          5m20s
kube-system    coredns-74ff55c5b-7pjvq                   1/1     Running   1          19h
kube-system    coredns-74ff55c5b-lcq9j                   1/1     Running   1          19h
kube-system    etcd-k8smaster.local                      1/1     Running   1          19h
kube-system    kube-apiserver-k8smaster.local            1/1     Running   1          19h
kube-system    kube-controller-manager-k8smaster.local   1/1     Running   1          19h
kube-system    kube-flannel-ds-4ctvz                     1/1     Running   3          19h
kube-system    kube-flannel-ds-ktt85                     1/1     Running   3          19h
kube-system    kube-flannel-ds-wbdmn                     1/1     Running   1          19h
kube-system    kube-proxy-2clbg                          1/1     Running   3          19h
kube-system    kube-proxy-jrxhq                          1/1     Running   3          19h
kube-system    kube-proxy-t8dmw                          1/1     Running   1          19h
kube-system    kube-scheduler-k8smaster.local            1/1     Running   1          19h

[centos@k8smaster kube]$ kubectl apply -f /home/centos/istio-1.8.2/samples/bookinfo/platform/kube/bookinfo.yaml
service/details created
serviceaccount/bookinfo-details created
deployment.apps/details-v1 created
service/ratings created
serviceaccount/bookinfo-ratings created
deployment.apps/ratings-v1 created
service/reviews created
serviceaccount/bookinfo-reviews created
deployment.apps/reviews-v1 created
deployment.apps/reviews-v2 created
deployment.apps/reviews-v3 created
service/productpage created
serviceaccount/bookinfo-productpage created
deployment.apps/productpage-v1 created
[centos@k8smaster kube]$

[centos@k8smaster kube]$ kubectl get services
NAME          TYPE        CLUSTER-IP      EXTERNAL-IP   PORT(S)    AGE
details       ClusterIP   10.104.190.30   <none>        9080/TCP   4m15s
kubernetes    ClusterIP   10.96.0.1       <none>        443/TCP    20h
productpage   ClusterIP   10.102.78.140   <none>        9080/TCP   4m12s
ratings       ClusterIP   10.108.1.161    <none>        9080/TCP   4m14s
reviews       ClusterIP   10.97.148.126   <none>        9080/TCP   4m14s
[centos@k8smaster kube]$ kubectl get pods -A
NAMESPACE      NAME                                      READY   STATUS    RESTARTS   AGE
default        details-v1-79c697d759-rgq2l               2/2     Running   0          4m42s
default        productpage-v1-65576bb7bf-kvcnf           2/2     Running   0          4m39s
default        ratings-v1-7d99676f7f-jk9zw               2/2     Running   0          4m42s
default        reviews-v1-987d495c-k4ltf                 2/2     Running   0          4m41s
default        reviews-v2-6c5bf657cf-b5zd8               2/2     Running   0          4m41s
default        reviews-v3-5f7b9f4f77-fggxw               2/2     Running   0          4m40s
istio-system   istio-egressgateway-64d976b9b5-fwbtv      1/1     Running   0          68m
istio-system   istio-ingressgateway-68c86b9fc8-2s5xd     1/1     Running   0          68m
istio-system   istiod-5c986fb85b-fj2xv                   1/1     Running   0          68m
kube-system    coredns-74ff55c5b-7pjvq                   1/1     Running   1          20h
kube-system    coredns-74ff55c5b-lcq9j                   1/1     Running   1          20h
kube-system    etcd-k8smaster.local                      1/1     Running   1          20h
kube-system    kube-apiserver-k8smaster.local            1/1     Running   1          20h
kube-system    kube-controller-manager-k8smaster.local   1/1     Running   1          20h
kube-system    kube-flannel-ds-4ctvz                     1/1     Running   3          20h
kube-system    kube-flannel-ds-ktt85                     1/1     Running   3          20h
kube-system    kube-flannel-ds-wbdmn                     1/1     Running   1          20h
kube-system    kube-proxy-2clbg                          1/1     Running   3          20h
kube-system    kube-proxy-jrxhq                          1/1     Running   3          20h
kube-system    kube-proxy-t8dmw                          1/1     Running   1          20h
kube-system    kube-scheduler-k8smaster.local            1/1     Running   1          20h
[centos@k8smaster kube]$

[centos@k8smaster kube]$ kubectl exec "$(kubectl get pod -l app=ratings -o jsonpath='{.items[0].metadata.name}')" -c ratings -- curl productpage:9080/productpage | grep -o "<title>.*</title>"
  % Total    % Received % Xferd  Average Speed   Time    Time     Time  Current
                                 Dload  Upload   Total   Spent    Left  Speed
100  4183  100  4183    0     0   1825      0  0:00:02  0:00:02 --:--:--  1825
<title>Simple Bookstore App</title>
[centos@k8smaster kube]$

[centos@k8smaster kube]$ kubectl apply -f /home/centos/istio-1.8.2/samples/bookinfo/platform/kube/bookinfo-ingress.yaml
Warning: networking.k8s.io/v1beta1 Ingress is deprecated in v1.19+, unavailable in v1.22+; use networking.k8s.io/v1 Ingress
ingress.networking.k8s.io/gateway created
[centos@k8smaster kube]$

[centos@k8smaster kube]$ kubectl get gateway
No resources found in default namespace.
[centos@k8smaster kube]$ kubectl get svc istio-ingressgateway -n istio-system
NAME                   TYPE           CLUSTER-IP      EXTERNAL-IP   PORT(S)
      AGE
istio-ingressgateway   LoadBalancer   10.105.168.66   <pending>     15021:31916/TCP,80:30356/TCP,443:31490/TCP,31400:31999/TCP,15443:31057/TCP   87m
[centos@k8smaster kube]$  kubectl apply -f - <<EOF
> apiVersion: networking.istio.io/v1alpha3
> kind: Gateway
> metadata:
>   name: httpbin-gateway
> spec:
>   selector:
>     istio: ingressgateway # use Istio default gateway implementation
>   servers:
>   - port:
>       number: 80
>       name: http
>       protocol: HTTP
>     hosts:
>     - "httpbin.example.com"
> EOF
gateway.networking.istio.io/httpbin-gateway created
[centos@k8smaster kube]$ kubectl apply -f - <<EOF
> apiVersion: networking.istio.io/v1alpha3
> kind: VirtualService
> metadata:
>   name: httpbin
> spec:
>   hosts:
>   - "httpbin.example.com"
>   gateways:
>   - httpbin-gateway
>   http:
>   - match:
>     - uri:
>         prefix: /status
>     - uri:
>         prefix: /delay
>     route:
>     - destination:
>         port:
>           number: 8000
>         host: httpbin
> EOF
virtualservice.networking.istio.io/httpbin created
[centos@k8smaster kube]$ curl -s -I -HHost:httpbin.example.com "http://$INGRESS_HOST:$INGRESS_PORT/status/200"
[centos@k8smaster kube]$ cd kube/

[centos@k8smaster kube]$ ls
bookinfo-certificate.yaml  bookinfo-ingress.yaml              bookinfo-ratings-v2-mysql.yaml  bookinfo.yaml
bookinfo-db.yaml           bookinfo-mysql.yaml                bookinfo-ratings-v2.yaml        cleanup.sh
bookinfo-details-v2.yaml   bookinfo-ratings-discovery.yaml    bookinfo-ratings.yaml           productpage-nodeport.yaml
bookinfo-details.yaml      bookinfo-ratings-v2-mysql-vm.yaml  bookinfo-reviews-v2.yaml        README.md
[centos@k8smaster kube]$ kubectl apply -f samples/bookinfo/networking/bookinfo-gateway.yaml
error: the path "samples/bookinfo/networking/bookinfo-gateway.yaml" does not exist
[centos@k8smaster kube]$ kubectl apply -f samples/bookinfo/networking/bookinfo-gateway.yaml^C
[centos@k8smaster kube]$ kubectl apply -f /home/centos/istio-1.8.2/samples/bookinfo/platform/kube/bookinfo.yaml ^C
[centos@k8smaster kube]$ kubectl apply -f /home/centos/istio-1.8.2/samples/bookinfo/platform/kube/bookinfo-ingress.yaml
Warning: networking.k8s.io/v1beta1 Ingress is deprecated in v1.19+, unavailable in v1.22+; use networking.k8s.io/v1 Ingress
ingress.networking.k8s.io/gateway created
[centos@k8smaster kube]$ kubectl get gateway
No resources found in default namespace.
[centos@k8smaster kube]$ kubectl get svc istio-ingressgateway -n istio-system
NAME                   TYPE           CLUSTER-IP      EXTERNAL-IP   PORT(S)
      AGE
istio-ingressgateway   LoadBalancer   10.105.168.66   <pending>     15021:31916/TCP,80:30356/TCP,443:31490/TCP,31400:31999/TCP,15443:31057/TCP   83m
[centos@k8smaster kube]$ export INGRESS_HOST=$(kubectl get po -l istio=ingressgateway -n istio-system -o jsonpath='{.items[0].status.hostIP
}')
[centos@k8smaster kube]$ kubectl get pods -A
NAMESPACE      NAME                                      READY   STATUS    RESTARTS   AGE
default        details-v1-79c697d759-rgq2l               2/2     Running   0          20m
default        productpage-v1-65576bb7bf-kvcnf           2/2     Running   0          20m
default        ratings-v1-7d99676f7f-jk9zw               2/2     Running   0          20m
default        reviews-v1-987d495c-k4ltf                 2/2     Running   0          20m
default        reviews-v2-6c5bf657cf-b5zd8               2/2     Running   0          20m
default        reviews-v3-5f7b9f4f77-fggxw               2/2     Running   0          20m
istio-system   istio-egressgateway-64d976b9b5-fwbtv      1/1     Running   0          84m
istio-system   istio-ingressgateway-68c86b9fc8-2s5xd     1/1     Running   0          84m
istio-system   istiod-5c986fb85b-fj2xv                   1/1     Running   0          84m
kube-system    coredns-74ff55c5b-7pjvq                   1/1     Running   1          20h
kube-system    coredns-74ff55c5b-lcq9j                   1/1     Running   1          20h
kube-system    etcd-k8smaster.local                      1/1     Running   1          20h
kube-system    kube-apiserver-k8smaster.local            1/1     Running   1          20h
kube-system    kube-controller-manager-k8smaster.local   1/1     Running   1          20h
kube-system    kube-flannel-ds-4ctvz                     1/1     Running   3          20h
kube-system    kube-flannel-ds-ktt85                     1/1     Running   3          20h
kube-system    kube-flannel-ds-wbdmn                     1/1     Running   1          20h
kube-system    kube-proxy-2clbg                          1/1     Running   3          20h
kube-system    kube-proxy-jrxhq                          1/1     Running   3          20h
kube-system    kube-proxy-t8dmw                          1/1     Running   1          20h
kube-system    kube-scheduler-k8smaster.local            1/1     Running   1          20h
[centos@k8smaster kube]$ kubectl get gateway
No resources found in default namespace.
[centos@k8smaster kube]$ kubectl get svc istio-ingressgateway -n istio-system
NAME                   TYPE           CLUSTER-IP      EXTERNAL-IP   PORT(S)
      AGE
istio-ingressgateway   LoadBalancer   10.105.168.66   <pending>     15021:31916/TCP,80:30356/TCP,443:31490/TCP,31400:31999/TCP,15443:31057/TCP   87m
[centos@k8smaster kube]$  kubectl apply -f - <<EOF
> apiVersion: networking.istio.io/v1alpha3
> kind: Gateway
> metadata:
>   name: httpbin-gateway
> spec:
>   selector:
>     istio: ingressgateway # use Istio default gateway implementation
>   servers:
>   - port:
>       number: 80
>       name: http
>       protocol: HTTP
>     hosts:
>     - "httpbin.example.com"
> EOF
gateway.networking.istio.io/httpbin-gateway created
[centos@k8smaster kube]$ kubectl apply -f - <<EOF
> apiVersion: networking.istio.io/v1alpha3
> kind: VirtualService
> metadata:
>   name: httpbin
> spec:
>   hosts:
>   - "httpbin.example.com"
>   gateways:
>   - httpbin-gateway
>   http:
>   - match:
>     - uri:
>         prefix: /status
>     - uri:
>         prefix: /delay
>     route:
>     - destination:
>         port:
>           number: 8000
>         host: httpbin
> EOF
virtualservice.networking.istio.io/httpbin created
[centos@k8smaster kube]$ curl -s -I -HHost:httpbin.example.com "http://$INGRESS_HOST:$INGRESS_PORT/status/200"
[centos@k8smaster kube]$ cd kube/^C
[centos@k8smaster kube]$ ^C
[centos@k8smaster kube]$ ^C
[centos@k8smaster kube]$ ^C
[centos@k8smaster kube]$ [centos@k8smaster kube]$ kubectl get gateway
ound in -bash: [centos@k8smaster: command not found
default namespac[centos@k8smaster kube]$ No resources found in default namespace.
-bash: No: command not found
[centos@k8smaster kube]$ [centos@k8smaster kube]$ kubectl get svc istio-ingressgateway -n istio-system
ME                   -bash: [centos@k8smaster: command not found
TYPE[centos@k8smaster kube]$ NAME                   TYPE           CLUSTER-IP      EXTERNAL-IP   PORT(S)
-bash: syntax error near unexpected token `('
[centos@k8smaster kube]$       AGE
-bash: AGE: command not found
eway   LoadBalancer   10.105.168.66   [centos@k8smaster kube]$ istio-ingressgateway   LoadBalancer   10.105.168.66   <pending>     15021:3100:31999/TCP,15443:31057/TCP   87m,3140
-bash: pending: No such file or directory
[centos@k8smaster kube]$ [centos@k8smaster kube]$  kubectl apply -f - <<EOF
> > apiVersion: networking.istio.io/v1alpha3
> > kind: Gateway
> > metadata:
> >   name: httpbin-gateway
> > spec:
> >   selector:
> >     istio: ingressgateway # use Istio default gateway implementation
> >   servers:
> >   - port:
> >       number: 80
> >       name: http
> >       protocol: HTTP
> >     hosts:
> >     - "httpbin.example.com"
> > EOF
> gateway.networking.istio.io/httpbin-gateway created
> [centos@k8smaster kube]$ kubectl apply -f - <<EOF
> > apiVersion: networking.istio.io/v1alpha3
> > kind: VirtualService
> > metadata:
> >   name: httpbin
> > spec:
> >   hosts:
> >   - "httpbin.example.com"
> >   gateways:
> >   - httpbin-gateway
> >   http:
> >   - match:
> >     - uri:
> >         prefix: /status
> >     - uri:
> >         prefix: /delay
> >     route:
> >     - destination:
> >         port:
> >           number: 8000
> >         host: httpbin
> > EOF
> virtualservice.networking.istio.io/httpbin created
> [centos@k8smaster kube]$ curl -s -I -HHost:httpbin.example.com "http://$INGRESS_HOST:$INGRESS_PORT/status/200"
> [centos@k8smaster kube]$ cd kube/
> ^C
[centos@k8smaster kube]$ ^C
[centos@k8smaster kube]$ ^C
[centos@k8smaster kube]$ ^C
[centos@k8smaster kube]$ ^C
[centos@k8smaster kube]$ ls
bookinfo-certificate.yaml  bookinfo-ingress.yaml              bookinfo-ratings-v2-mysql.yaml  bookinfo.yaml
bookinfo-db.yaml           bookinfo-mysql.yaml                bookinfo-ratings-v2.yaml        cleanup.sh
bookinfo-details-v2.yaml   bookinfo-ratings-discovery.yaml    bookinfo-ratings.yaml           productpage-nodeport.yaml
bookinfo-details.yaml      bookinfo-ratings-v2-mysql-vm.yaml  bookinfo-reviews-v2.yaml        README.md
[centos@k8smaster kube]$ cd..
-bash: cd..: command not found
[centos@k8smaster kube]$ ls
bookinfo-certificate.yaml  bookinfo-ingress.yaml              bookinfo-ratings-v2-mysql.yaml  bookinfo.yaml
bookinfo-db.yaml           bookinfo-mysql.yaml                bookinfo-ratings-v2.yaml        cleanup.sh
bookinfo-details-v2.yaml   bookinfo-ratings-discovery.yaml    bookinfo-ratings.yaml           productpage-nodeport.yaml
bookinfo-details.yaml      bookinfo-ratings-v2-mysql-vm.yaml  bookinfo-reviews-v2.yaml        README.md
[centos@k8smaster kube]$ kubectl apply -f /home/centos/istio-1.8.2/samples/bookinfo/platform/kube/^C
[centos@k8smaster kube]$ cd ..
[centos@k8smaster platform]$ ls
kube
[centos@k8smaster platform]$ cd ..
[centos@k8smaster bookinfo]$ ls
build_push_update_images.sh  networking  platform  policy  README.md  src  swagger.yaml
[centos@k8smaster bookinfo]$ cd ..
[centos@k8smaster samples]$ ls
addons    certs             external      helloworld  https            multicluster  rawvm      security  tcp-echo
bookinfo  custom-bootstrap  health-check  httpbin     kubernetes-blog  operator      README.md  sleep     websockets
[centos@k8smaster samples]$ cd helloworld/
[centos@k8smaster helloworld]$ ls
gen-helloworld.sh  helloworld-gateway.yaml  helloworld.yaml  loadgen.sh  README.md  src
[centos@k8smaster helloworld]$ cd ..
[centos@k8smaster samples]$ cd httpbin/
[centos@k8smaster httpbin]$ ls
httpbin-gateway.yaml  httpbin-nodeport.yaml  httpbin-vault.yaml  httpbin.yaml  README.md  sample-client
[centos@k8smaster httpbin]$ kubectl apply -f kubectl apply -f /home/centos/istio-1.8.2/
bin/           LICENSE        manifests/     manifest.yaml  README.md      samples/       tools/
[centos@k8smaster httpbin]$ kubectl apply -f kubectl apply -f /home/centos/istio-1.8.2/^C
[centos@k8smaster httpbin]$ ^C
[centos@k8smaster httpbin]$ kubectl apply -f /home/centos/istio-1.8.2/samples/httpbin/httpbin.yaml
serviceaccount/httpbin created
service/httpbin created
deployment.apps/httpbin created
[centos@k8smaster httpbin]$ kubectl get svc istio-ingressgateway -n istio-system
NAME                   TYPE           CLUSTER-IP      EXTERNAL-IP   PORT(S)
      AGE
istio-ingressgateway   LoadBalancer   10.105.168.66   <pending>     15021:31916/TCP,80:30356/TCP,443:31490/TCP,31400:31999/TCP,15443:31057/TCP   95m
[centos@k8smaster httpbin]$ export INGRESS_PORT=$(kubectl -n istio-system get service istio-ingressgateway -o jsonpath='{.spec.ports[?(@.name=="http2")].nodePort}')
xport SECURE_INGRESS_PORT=$(kubectl -n istio-system get service istio-ingr[centos@k8smaster httpbin]$ export SECURE_INGRESS_PORT=$(kubectl [?(@.name=="https")].nodePort}')o-ingressgateway -o jsonpath='{.spec.ports[
rt TCP_INGRESS_PORT=$(kubectl -n istio-system[centos@k8smaster httpbin]$ export TCP_INGRESS_PORT=$(kubectl -n istio-system get service isti@.name=="tcp")].nodePort}')h='{.spec.ports[?(@
[centos@k8smaster httpbin]$ echo $INGRESS_PORT
30356
[centos@k8smaster httpbin]$  export INGRESS_HOST=$(kubectl get po -l istio=ingressgateway -n istio-system -o jsonpath='{.items[0].status.hostIP}')
[centos@k8smaster httpbin]$ curl -s -I -HHost:httpbin.example.com "http://$INGRESS_HOST:$INGRESS_PORT/status/200"
HTTP/1.1 200 OK
server: istio-envoy
date: Wed, 27 Jan 2021 15:45:33 GMT
content-type: text/html; charset=utf-8
access-control-allow-origin: *
access-control-allow-credentials: true
content-length: 0
x-envoy-upstream-service-time: 64

[centos@k8smaster httpbin]$

[centos@k8smaster httpbin]$ kubectl get gateway
NAME              AGE
httpbin-gateway   9m32s
[centos@k8smaster httpbin]$
[centos@k8smaster httpbin]$ export GATEWAY_URL=$INGRESS_HOST:$INGRESS_PORT
[centos@k8smaster httpbin]$ echo $GATEWAY_URL
192.168.146.139:30356
[centos@k8smaster httpbin]$

[centos@k8smaster samples]$ curl -s "http://${GATEWAY_URL}/productpage" | grep -o "<title>.*</title>"
<title>Simple Bookstore App</title>
[centos@k8smaster samples]$

[centos@k8smaster samples]$ cd bookinfo/networking/
[centos@k8smaster networking]$ ls
bookinfo-gateway.yaml            virtual-service-all-v1.yaml              virtual-service-reviews-50-v3.yaml
certmanager-gateway.yaml         virtual-service-details-v2.yaml          virtual-service-reviews-80-20.yaml
destination-rule-all-mtls.yaml   virtual-service-ratings-db.yaml          virtual-service-reviews-90-10.yaml
destination-rule-all.yaml        virtual-service-ratings-mysql-vm.yaml    virtual-service-reviews-jason-v2-v3.yaml
destination-rule-reviews.yaml    virtual-service-ratings-mysql.yaml       virtual-service-reviews-test-v2.yaml
egress-rule-google-apis.yaml     virtual-service-ratings-test-abort.yaml  virtual-service-reviews-v2-v3.yaml
fault-injection-details-v1.yaml  virtual-service-ratings-test-delay.yaml  virtual-service-reviews-v3.yaml
[centos@k8smaster networking]$ pwd
/home/centos/istio-1.8.2/samples/bookinfo/networking
[centos@k8smaster networking]$ kubectl apply -f /home/centos/istio-1.8.2/samples/bookinfo/networking/destination-rule-all.yaml
destinationrule.networking.istio.io/productpage created
destinationrule.networking.istio.io/reviews created
destinationrule.networking.istio.io/ratings created
destinationrule.networking.istio.io/details created
[centos@k8smaster networking]$ kubectl get destinationrules -o yaml
apiVersion: v1
items:
- apiVersion: networking.istio.io/v1beta1
  kind: DestinationRule
  metadata:
    annotations:
      kubectl.kubernetes.io/last-applied-configuration: |
        {"apiVersion":"networking.istio.io/v1alpha3","kind":"DestinationRule","metadata":{"annotations":{},"name":"details","namespace":"default"},"spec":{"host":"details","subsets":[{"labels":{"version":"v1"},"name":"v1"},{"labels":{"version":"v2"},"name":"v2"}]}}
    creationTimestamp: "2021-01-27T15:52:51Z"
    generation: 1
    managedFields:
    - apiVersion: networking.istio.io/v1alpha3
      fieldsType: FieldsV1
      fieldsV1:
        f:metadata:
          f:annotations:
            .: {}
            f:kubectl.kubernetes.io/last-applied-configuration: {}
        f:spec:
          .: {}
          f:host: {}
          f:subsets: {}
      manager: kubectl-client-side-apply
      operation: Update
      time: "2021-01-27T15:52:51Z"
    name: details
    namespace: default
    resourceVersion: "21160"
    uid: 05d590b0-8e61-42c6-bd68-3a4f8253f698
  spec:
    host: details
    subsets:
    - labels:
        version: v1
      name: v1
    - labels:
        version: v2
      name: v2
- apiVersion: networking.istio.io/v1beta1
  kind: DestinationRule
  metadata:
    annotations:
      kubectl.kubernetes.io/last-applied-configuration: |
        {"apiVersion":"networking.istio.io/v1alpha3","kind":"DestinationRule","metadata":{"annotations":{},"name":"productpage","namespace":"default"},"spec":{"host":"productpage","subsets":[{"labels":{"version":"v1"},"name":"v1"}]}}
    creationTimestamp: "2021-01-27T15:52:51Z"
    generation: 1
    managedFields:
    - apiVersion: networking.istio.io/v1alpha3
      fieldsType: FieldsV1
      fieldsV1:
        f:metadata:
          f:annotations:
            .: {}
            f:kubectl.kubernetes.io/last-applied-configuration: {}
        f:spec:
          .: {}
          f:host: {}
          f:subsets: {}
      manager: kubectl-client-side-apply
      operation: Update
      time: "2021-01-27T15:52:51Z"
    name: productpage
    namespace: default
    resourceVersion: "21157"
    uid: adac3618-d748-4056-8691-8f577a085abd
  spec:
    host: productpage
    subsets:
    - labels:
        version: v1
      name: v1
- apiVersion: networking.istio.io/v1beta1
  kind: DestinationRule
  metadata:
    annotations:
      kubectl.kubernetes.io/last-applied-configuration: |
        {"apiVersion":"networking.istio.io/v1alpha3","kind":"DestinationRule","metadata":{"annotations":{},"name":"ratings","namespace":"default"},"spec":{"host":"ratings","subsets":[{"labels":{"version":"v1"},"name":"v1"},{"labels":{"version":"v2"},"name":"v2"},{"labels":{"version":"v2-mysql"},"name":"v2-mysql"},{"labels":{"version":"v2-mysql-vm"},"name":"v2-mysql-vm"}]}}
    creationTimestamp: "2021-01-27T15:52:51Z"
    generation: 1
    managedFields:
    - apiVersion: networking.istio.io/v1alpha3
      fieldsType: FieldsV1
      fieldsV1:
        f:metadata:
          f:annotations:
            .: {}
            f:kubectl.kubernetes.io/last-applied-configuration: {}
        f:spec:
          .: {}
          f:host: {}
          f:subsets: {}
      manager: kubectl-client-side-apply
      operation: Update
      time: "2021-01-27T15:52:51Z"
    name: ratings
    namespace: default
    resourceVersion: "21159"
    uid: e4594804-b040-438e-a6d9-73ab564961e9
  spec:
    host: ratings
    subsets:
    - labels:
        version: v1
      name: v1
    - labels:
        version: v2
      name: v2
    - labels:
        version: v2-mysql
      name: v2-mysql
    - labels:
        version: v2-mysql-vm
      name: v2-mysql-vm
- apiVersion: networking.istio.io/v1beta1
  kind: DestinationRule
  metadata:
    annotations:
      kubectl.kubernetes.io/last-applied-configuration: |
        {"apiVersion":"networking.istio.io/v1alpha3","kind":"DestinationRule","metadata":{"annotations":{},"name":"reviews","namespace":"default"},"spec":{"host":"reviews","subsets":[{"labels":{"version":"v1"},"name":"v1"},{"labels":{"version":"v2"},"name":"v2"},{"labels":{"version":"v3"},"name":"v3"}]}}
    creationTimestamp: "2021-01-27T15:52:51Z"
    generation: 1
    managedFields:
    - apiVersion: networking.istio.io/v1alpha3
      fieldsType: FieldsV1
      fieldsV1:
        f:metadata:
          f:annotations:
            .: {}
            f:kubectl.kubernetes.io/last-applied-configuration: {}
        f:spec:
          .: {}
          f:host: {}
          f:subsets: {}
      manager: kubectl-client-side-apply
      operation: Update
      time: "2021-01-27T15:52:51Z"
    name: reviews
    namespace: default
    resourceVersion: "21158"
    uid: ac491db3-021d-4acb-ad0e-076d497eb877
  spec:
    host: reviews
    subsets:
    - labels:
        version: v1
      name: v1
    - labels:
        version: v2
      name: v2
    - labels:
        version: v3
      name: v3
kind: List
metadata:
  resourceVersion: ""
  selfLink: ""

[centos@k8smaster networking]$ cd ..
[centos@k8smaster bookinfo]$ cd ..
[centos@k8smaster samples]$ cd bookinfo/platform/kube/
[centos@k8smaster kube]$ pwd
/home/centos/istio-1.8.2/samples/bookinfo/platform/kube
[centos@k8smaster kube]$ kubectl apply -f /home/centos/istio-1.8.2/samples/bookinfo/platform/kube/cleanup.sh
error: error validating "/home/centos/istio-1.8.2/samples/bookinfo/platform/kube/cleanup.sh": error validating data: invalid object to validate; if you choose to ignore these errors, turn validation off with --validate=false
[centos@k8smaster kube]$ kubectl apply -f /home/centos/istio-1.8.2/samples/bookinfo/platform/kube/cleanup.sh --validate=false
error: unable to decode "/home/centos/istio-1.8.2/samples/bookinfo/platform/kube/cleanup.sh": json: cannot unmarshal string into Go value of type unstructured.detector
[centos@k8smaster kube]$ ls
bookinfo-certificate.yaml  bookinfo-ingress.yaml              bookinfo-ratings-v2-mysql.yaml  bookinfo.yaml
bookinfo-db.yaml           bookinfo-mysql.yaml                bookinfo-ratings-v2.yaml        cleanup.sh
bookinfo-details-v2.yaml   bookinfo-ratings-discovery.yaml    bookinfo-ratings.yaml           productpage-nodeport.yaml
bookinfo-details.yaml      bookinfo-ratings-v2-mysql-vm.yaml  bookinfo-reviews-v2.yaml        README.md
[centos@k8smaster kube]$ ./cleanup.sh
namespace ? [default]
using NAMESPACE=default
I0127 17:01:02.015582   65111 request.go:655] Throttling request took 1.135764407s, request: GET:https://192.168.147.140:6443/apis/networking.k8s.io/v1beta1?timeout=32s
destinationrule.networking.istio.io "details" deleted
I0127 17:01:08.487979   65179 request.go:655] Throttling request took 1.101970435s, request: GET:https://192.168.147.140:6443/apis/apiextensions.k8s.io/v1beta1?timeout=32s
destinationrule.networking.istio.io "productpage" deleted
I0127 17:01:14.622209   65220 request.go:655] Throttling request took 1.062864748s, request: GET:https://192.168.147.140:6443/apis/networking.k8s.io/v1beta1?timeout=32s
destinationrule.networking.istio.io "ratings" deleted
I0127 17:01:21.122153   65284 request.go:655] Throttling request took 1.165552639s, request: GET:https://192.168.147.140:6443/apis/scheduling.k8s.io/v1?timeout=32s
destinationrule.networking.istio.io "reviews" deleted
I0127 17:01:27.586786   65345 request.go:655] Throttling request took 1.026277521s, request: GET:https://192.168.147.140:6443/apis/networking.istio.io/v1alpha3?timeout=32s
virtualservice.networking.istio.io "httpbin" deleted
I0127 17:01:34.480226   65395 request.go:655] Throttling request took 1.147352724s, request: GET:https://192.168.147.140:6443/apis/autoscaling/v2beta2?timeout=32s
gateway.networking.istio.io "httpbin-gateway" deleted
Application cleanup may take up to one minute
service "details" deleted
serviceaccount "bookinfo-details" deleted
deployment.apps "details-v1" deleted
service "ratings" deleted
serviceaccount "bookinfo-ratings" deleted
deployment.apps "ratings-v1" deleted
service "reviews" deleted
serviceaccount "bookinfo-reviews" deleted
deployment.apps "reviews-v1" deleted
deployment.apps "reviews-v2" deleted
deployment.apps "reviews-v3" deleted
service "productpage" deleted
serviceaccount "bookinfo-productpage" deleted
deployment.apps "productpage-v1" deleted
Application cleanup successful
[centos@k8smaster kube]$