
####### PER VEDERE LOG
kubectl --namespaces kuma-system logs kuma-control-plane-7f6d9cf66f-qjr75




[centos@k8master ~]$ echo "apiVersion: kuma.io/v1alpha1
 kind: Mesh
 metadata:
   name: TEST0001
 spec: " | kubectl apply -f -
error: error validating "STDIN": error validating data: unknown object type "nil" in Mesh.spec; if you choose to ignore these errors, turn validation off with --validate=false"

The control plane seem to be OK :
kuma-system            kuma-control-plane-6b54d7d844-khvtv            1/1     Running   1          15m

Also I've installed the Marketplace Demo, with success but when I've tried to connect with browser, no way with error :
There are Product API issues:
Error: Request failed with status code 404

Please, try to help me to way out this issue, I'm not so skilled in K8s, so any help is very appriciaded.

Thanks so much !!!

Ciao From Italy




[centos@k8master bin]$ ./kumactl install control-plane | kubectl apply -f -
namespace/kuma-system created
serviceaccount/kuma-control-plane created
secret/kuma-tls-cert created
configmap/kuma-control-plane-config created
Warning: apiextensions.k8s.io/v1beta1 CustomResourceDefinition is deprecated in v1.16+, unavailable in v1.22+; use apiextensions.k8s.io/v1 CustomResourceDefinition
Warning: resource customresourcedefinitions/circuitbreakers.kuma.io is missing the kubectl.kubernetes.io/last-applied-configuration annotation which is required by kubectl apply. kubectl apply should only be used on resources created declaratively by either kubectl create --save-config or kubectl apply. The missing annotation will be patched automatically.
customresourcedefinition.apiextensions.k8s.io/circuitbreakers.kuma.io configured
Warning: resource customresourcedefinitions/dataplanes.kuma.io is missing the kubectl.kubernetes.io/last-applied-configuration annotation which is required by kubectl apply. kubectl apply should only be used on resources created declaratively by either kubectl create --save-config or kubectl apply. The missing annotation will be patched automatically.
customresourcedefinition.apiextensions.k8s.io/dataplanes.kuma.io configured
Warning: resource customresourcedefinitions/serviceinsights.kuma.io is missing the kubectl.kubernetes.io/last-applied-configuration annotation which is required by kubectl apply. kubectl apply should only be used on resources created declaratively by either kubectl create --save-config or kubectl apply. The missing annotation will be patched automatically.
customresourcedefinition.apiextensions.k8s.io/serviceinsights.kuma.io configured
Warning: resource customresourcedefinitions/trafficlogs.kuma.io is missing the kubectl.kubernetes.io/last-applied-configuration annotation which is required by kubectl apply. kubectl apply should only be used on resources created declaratively by either kubectl create --save-config or kubectl apply. The missing annotation will be patched automatically.
customresourcedefinition.apiextensions.k8s.io/trafficlogs.kuma.io configured
Warning: resource customresourcedefinitions/trafficpermissions.kuma.io is missing the kubectl.kubernetes.io/last-applied-configuration annotation which is required by kubectl apply. kubectl apply should only be used on resources created declaratively by either kubectl create --save-config or kubectl apply. The missing annotation will be patched automatically.
customresourcedefinition.apiextensions.k8s.io/trafficpermissions.kuma.io configured
Warning: resource customresourcedefinitions/trafficroutes.kuma.io is missing the kubectl.kubernetes.io/last-applied-configuration annotation which is required by kubectl apply. kubectl apply should only be used on resources created declaratively by either kubectl create --save-config or kubectl apply. The missing annotation will be patched automatically.
customresourcedefinition.apiextensions.k8s.io/trafficroutes.kuma.io configured
Warning: resource customresourcedefinitions/traffictraces.kuma.io is missing the kubectl.kubernetes.io/last-applied-configuration annotation which is required by kubectl apply. kubectl apply should only be used on resources created declaratively by either kubectl create --save-config or kubectl apply. The missing annotation will be patched automatically.
customresourcedefinition.apiextensions.k8s.io/traffictraces.kuma.io configured
Warning: resource customresourcedefinitions/zoneinsights.kuma.io is missing the kubectl.kubernetes.io/last-applied-configuration annotation which is required by kubectl apply. kubectl apply should only be used on resources created declaratively by either kubectl create --save-config or kubectl apply. The missing annotation will be patched automatically.
customresourcedefinition.apiextensions.k8s.io/zoneinsights.kuma.io configured
Warning: resource customresourcedefinitions/zones.kuma.io is missing the kubectl.kubernetes.io/last-applied-configuration annotation which is required by kubectl apply. kubectl apply should only be used on resources created declaratively by either kubectl create --save-config or kubectl apply. The missing annotation will be patched automatically.
customresourcedefinition.apiextensions.k8s.io/zones.kuma.io configured
Warning: resource customresourcedefinitions/dataplaneinsights.kuma.io is missing the kubectl.kubernetes.io/last-applied-configuration annotation which is required by kubectl apply. kubectl apply should only be used on resources created declaratively by either kubectl create --save-config or kubectl apply. The missing annotation will be patched automatically.
customresourcedefinition.apiextensions.k8s.io/dataplaneinsights.kuma.io configured
Warning: resource customresourcedefinitions/externalservices.kuma.io is missing the kubectl.kubernetes.io/last-applied-configuration annotation which is required by kubectl apply. kubectl apply should only be used on resources created declaratively by either kubectl create --save-config or kubectl apply. The missing annotation will be patched automatically.
customresourcedefinition.apiextensions.k8s.io/externalservices.kuma.io configured
Warning: resource customresourcedefinitions/faultinjections.kuma.io is missing the kubectl.kubernetes.io/last-applied-configuration annotation which is required by kubectl apply. kubectl apply should only be used on resources created declaratively by either kubectl create --save-config or kubectl apply. The missing annotation will be patched automatically.
customresourcedefinition.apiextensions.k8s.io/faultinjections.kuma.io configured
Warning: resource customresourcedefinitions/healthchecks.kuma.io is missing the kubectl.kubernetes.io/last-applied-configuration annotation which is required by kubectl apply. kubectl apply should only be used on resources created declaratively by either kubectl create --save-config or kubectl apply. The missing annotation will be patched automatically.
customresourcedefinition.apiextensions.k8s.io/healthchecks.kuma.io configured
Warning: resource customresourcedefinitions/meshinsights.kuma.io is missing the kubectl.kubernetes.io/last-applied-configuration annotation which is required by kubectl apply. kubectl apply should only be used on resources created declaratively by either kubectl create --save-config or kubectl apply. The missing annotation will be patched automatically.
customresourcedefinition.apiextensions.k8s.io/meshinsights.kuma.io configured
Warning: resource customresourcedefinitions/meshes.kuma.io is missing the kubectl.kubernetes.io/last-applied-configuration annotation which is required by kubectl apply. kubectl apply should only be used on resources created declaratively by either kubectl create --save-config or kubectl apply. The missing annotation will be patched automatically.
customresourcedefinition.apiextensions.k8s.io/meshes.kuma.io configured
Warning: resource customresourcedefinitions/proxytemplates.kuma.io is missing the kubectl.kubernetes.io/last-applied-configuration annotation which is required by kubectl apply. kubectl apply should only be used on resources created declaratively by either kubectl create --save-config or kubectl apply. The missing annotation will be patched automatically.
customresourcedefinition.apiextensions.k8s.io/proxytemplates.kuma.io configured
Warning: resource customresourcedefinitions/retries.kuma.io is missing the kubectl.kubernetes.io/last-applied-configuration annotation which is required by kubectl apply. kubectl apply should only be used on resources created declaratively by either kubectl create --save-config or kubectl apply. The missing annotation will be patched automatically.
customresourcedefinition.apiextensions.k8s.io/retries.kuma.io configured
Warning: resource clusterroles/kuma-control-plane is missing the kubectl.kubernetes.io/last-applied-configuration annotation which is required by kubectl apply. kubectl apply should only be used on resources created declaratively by either kubectl create --save-config or kubectl apply. The missing annotation will be patched automatically.
clusterrole.rbac.authorization.k8s.io/kuma-control-plane configured
Warning: resource clusterrolebindings/kuma-control-plane is missing the kubectl.kubernetes.io/last-applied-configuration annotation which is required by kubectl apply. kubectl apply should only be used on resources created declaratively by either kubectl create --save-config or kubectl apply. The missing annotation will be patched automatically.
clusterrolebinding.rbac.authorization.k8s.io/kuma-control-plane configured
role.rbac.authorization.k8s.io/kuma-control-plane created
rolebinding.rbac.authorization.k8s.io/kuma-control-plane created
service/kuma-control-plane created
deployment.apps/kuma-control-plane created
Warning: admissionregistration.k8s.io/v1beta1 MutatingWebhookConfiguration is deprecated in v1.16+, unavailable in v1.22+; use admissionregistration.k8s.io/v1 MutatingWebhookConfiguration
Warning: resource mutatingwebhookconfigurations/kuma-admission-mutating-webhook-configuration is missing the kubectl.kubernetes.io/last-applied-configuration annotation which is required by kubectl apply. kubectl apply should only be used on resources created declaratively by either kubectl create --save-config or kubectl apply. The missing annotation will be patched automatically.
mutatingwebhookconfiguration.admissionregistration.k8s.io/kuma-admission-mutating-webhook-configuration configured
Warning: admissionregistration.k8s.io/v1beta1 ValidatingWebhookConfiguration is deprecated in v1.16+, unavailable in v1.22+; use admissionregistration.k8s.io/v1 ValidatingWebhookConfiguration
Warning: resource validatingwebhookconfigurations/kuma-validating-webhook-configuration is missing the kubectl.kubernetes.io/last-applied-configuration annotation which is required by kubectl apply. kubectl apply should only be used on resources created declaratively by either kubectl create --save-config or kubectl apply. The missing annotation will be patched automatically.
validatingwebhookconfiguration.admissionregistration.k8s.io/kuma-validating-webhook-configuration configured
[centos@k8master bin]$ sudo ln -s ./kumactl /usr/local/bin/kumactl
ln: failed to create symbolic link '/usr/local/bin/kumactl': File exists
[centos@k8master bin]$ kubectl get pod -n kuma-system
NAME                                 READY   STATUS    RESTARTS   AGE
kuma-control-plane-8bbcb4886-swfdg   1/1     Running   0          75s
[centos@k8master bin]$ kubectl get pod -n kuma-system
NAME                                 READY   STATUS    RESTARTS   AGE
kuma-control-plane-8bbcb4886-swfdg   1/1     Running   0          3m58s


[centos@k8smaster bin]$ kubectl get pod -A
NAMESPACE     NAME                                      READY   STATUS    RESTARTS   AGE
kube-system   coredns-74ff55c5b-7pjvq                   1/1     Running   0          16h
kube-system   coredns-74ff55c5b-lcq9j                   1/1     Running   0          16h
kube-system   etcd-k8smaster.local                      1/1     Running   0          16h
kube-system   kube-apiserver-k8smaster.local            1/1     Running   0          16h
kube-system   kube-controller-manager-k8smaster.local   1/1     Running   0          16h
kube-system   kube-flannel-ds-4ctvz                     1/1     Running   0          16h
kube-system   kube-flannel-ds-ktt85                     1/1     Running   0          16h
kube-system   kube-flannel-ds-wbdmn                     1/1     Running   0          16h
kube-system   kube-proxy-2clbg                          1/1     Running   0          16h
kube-system   kube-proxy-jrxhq                          1/1     Running   0          16h
kube-system   kube-proxy-t8dmw                          1/1     Running   0          16h
kube-system   kube-scheduler-k8smaster.local            1/1     Running   0          16h
kuma-system   kuma-control-plane-7f6d9cf66f-qjr75       1/1     Running   0          7m27s
[centos@k8smaster bin]$ kubectl logs pod kuma-control-plane-7f6d9cf66f-qjr75
Error from server (NotFound): pods "pod" not found
[centos@k8smaster bin]$ kubectl logs -f kube-proxy-t8dmw
Error from server (NotFound): pods "kube-proxy-t8dmw" not found
[centos@k8smaster bin]$ kubectl logs -f kube-flannel-ds-wbdmn
Error from server (NotFound): pods "kube-flannel-ds-wbdmn" not found
[centos@k8smaster bin]$ kubectl --namespaces logs kube-flannel-ds-wbdmn
Error: flags cannot be placed before plugin name: --namespaces
[centos@k8smaster bin]$ kubectl --kuma-system logs kuma-control-plane-7f6d9cf66f-qjr75
Error: flags cannot be placed before plugin name: --kuma-system
[centos@k8smaster bin]$ kubectl --namespaces kuma-system logs kuma-control-plane-7f6d9cf66f-qjr75
Error: unknown flag: --namespaces
See 'kubectl logs --help' for usage.
[centos@k8smaster bin]$ kubectl --namespace kuma-system logs kuma-control-plane-7f6d9cf66f-qjr75
2021-01-27T11:15:47.363Z        INFO    controller-runtime.metrics      metrics server is starting to listen    {"addr": ":8080"}
2021-01-27T11:15:47.472Z        INFO    controller-runtime.webhook      registering webhook     {"path": "/validate-kuma-io-v1alpha1"}
2021-01-27T11:15:47.472Z        INFO    plugin.runtime.k8s      Registering a validation composite webhook      {"path": "/validate-kuma-io-v1alpha1"}
2021-01-27T11:15:47.472Z        INFO    controller-runtime.webhook      registering webhook     {"path": "/validate-v1-service"}
2021-01-27T11:15:47.472Z        INFO    plugin.runtime.k8s      Registering a validation webhook for v1/Service {"path": "/validate-v1-service"}
2021-01-27T11:15:47.472Z        INFO    controller-runtime.webhook      registering webhook     {"path": "/validate-v1-secret"}
2021-01-27T11:15:47.473Z        INFO    plugin.runtime.k8s      Registering a validation webhook for v1/Secret  {"path": "/validate-v1-secret"}
2021-01-27T11:15:47.473Z        INFO    controller-runtime.webhook      registering webhook     {"path": "/inject-sidecar"}
2021-01-27T11:15:47.473Z        INFO    controller-runtime.webhook      registering webhook     {"path": "/owner-reference-kuma-io-v1alpha1"}
2021-01-27T11:15:47.474Z        INFO    plugin.runtime.k8s      Registering a defaulting webhook        {"GVK": "kuma.io/v1alpha1, Kind=Mesh", "path": "/default-kuma-io-v1alpha1-mesh"}
2021-01-27T11:15:47.474Z        INFO    controller-runtime.webhook      registering webhook     {"path": "/default-kuma-io-v1alpha1-mesh"}
2021-01-27T11:15:47.486Z        INFO    kuma-cp.run     Current config {"apiServer":{"auth":{"allowFromLocalhost":true,"clientCertsDir":""},"catalog":{"bootstrap":{"url":""}},"corsAllowedDomains":[".*"],"http":{"enabled":true,"interface":"0.0.0.0","port":5681},"https":{"enabled":true,"interface":"0.0.0.0","port":5682,"tlsCertFile":"/var/run/secrets/kuma.io/tls-cert/tls.crt","tlsKeyFile":"/var/run/secrets/kuma.io/tls-cert/tls.key"},"readOnly":true},"bootstrapServer":{"apiVersion":"v2","params":{"adminAccessLogPath":"/dev/null","adminAddress":"127.0.0.1","adminPort":0,"xdsConnectTimeout":"1s","xdsHost":"","xdsPort":5678}},"defaults":{"skipMeshCreation":false},"diagnostics":{"debugEndpoints":false,"serverPort":5680},"dnsServer":{"CIDR":"240.0.0.0/4","domain":"mesh","port":5653},"dpServer":{"auth":{"type":"serviceAccountToken"},"hds":{"checkDefaults":{"healthyThreshold":1,"interval":"1s","noTrafficInterval":"1s","timeout":"2s","unhealthyThreshold":1},"enabled":false,"interval":"5s","refreshInterval":"10s"},"port":5678,"tlsCertFile":"/var/run/secrets/kuma.io/tls-cert/tls.crt","tlsKeyFile":"/var/run/secrets/kuma.io/tls-cert/tls.key"},"environment":"kubernetes","general":{"dnsCacheTTL":"10s","tlsCertFile":"/var/run/secrets/kuma.io/tls-cert/tls.crt","tlsKeyFile":"/var/run/secrets/kuma.io/tls-cert/tls.key"},"guiServer":{"apiServerUrl":""},"metrics":{"dataplane":{"enabled":true,"subscriptionLimit":10},"mesh":{"maxResyncTimeout":"20s","minResyncTimeout":"1s"},"zone":{"enabled":true,"subscriptionLimit":10}},"mode":"standalone","monitoringAssignmentServer":{"assignmentRefreshInterval":"1s","grpcPort":5676},"multizone":{"global":{"kds":{"grpcPort":5685,"refreshInterval":"1s","tlsCertFile":"/var/run/secrets/kuma.io/tls-cert/tls.crt","tlsKeyFile":"/var/run/secrets/kuma.io/tls-cert/tls.key","zoneInsightFlushInterval":"10s"},"pollTimeout":"500ms"},"remote":{"kds":{"refreshInterval":"1s","rootCaFile":""}}},"reports":{"enabled":true},"runtime":{"kubernetes":{"admissionServer":{"address":"","certDir":"/var/run/secrets/kuma.io/tls-cert","port":5443},"injector":{"caCertFile":"/var/run/secrets/kuma.io/tls-cert/ca.crt","cniEnabled":false,"exceptions":{"labels":{"openshift.io/build.name":"*","openshift.io/deployer-pod-for.name":"*"}},"initContainer":{"image":"kong-docker-kuma-docker.bintray.io/kuma-init:1.0.6"},"sidecarContainer":{"adminPort":9901,"drainTime":"30s","gid":5678,"image":"kong-docker-kuma-docker.bintray.io/kuma-dp:1.0.6","livenessProbe":{"failureThreshold":12,"initialDelaySeconds":60,"periodSeconds":5,"timeoutSeconds":3},"readinessProbe":{"failureThreshold":12,"initialDelaySeconds":1,"periodSeconds":5,"successThreshold":1,"timeoutSeconds":3},"redirectPortInbound":15006,"redirectPortOutbound":15001,"resources":{"limits":{"cpu":"1000m","memory":"512Mi"},"requests":{"cpu":"50m","memory":"64Mi"}},"uid":5678},"sidecarTraffic":{"excludeInboundPorts":[],"excludeOutboundPorts":[]},"virtualProbesEnabled":true,"virtualProbesPort":9000},"marshalingCacheExpirationTime":"5m0s"},"universal":{"dataplaneCleanupAge":"72h0m0s"}},"sdsServer":{"dataplaneConfigurationRefreshInterval":"1s"},"store":{"cache":{"enabled":true,"expirationTime":"1s"},"kubernetes":{"systemNamespace":"kuma-system"},"postgres":{"connectionTimeout":5,"dbName":"kuma","host":"127.0.0.1","maxOpenConnections":0,"maxReconnectInterval":"1m0s","minReconnectInterval":"10s","password":"*****","port":15432,"tls":{"caPath":"","certPath":"","keyPath":"","mode":"disable"},"user":"kuma"},"type":"kubernetes","upsert":{"conflictRetryBaseBackoff":"100ms","conflictRetryMaxTimes":5}},"xdsServer":{"dataplaneConfigurationRefreshInterval":"1s","dataplaneStatusFlushInterval":"10s"}}
2021-01-27T11:15:47.486Z        INFO    kuma-cp.run     Running in mode `standalone`
2021-01-27T11:15:47.488Z        INFO    sds-server      registering Secret Discovery Service V2 in Dataplane Server
2021-01-27T11:15:47.489Z        INFO    xds-server      registering Aggregated Discovery Service V2 in Dataplane Server
2021-01-27T11:15:47.489Z        INFO    bootstrap       registering Bootstrap in Dataplane Server
2021-01-27T11:15:47.515Z        INFO    kuma-cp.run     starting Control Plane  {"version": "1.0.6"}
I0127 11:15:47.515745       1 leaderelection.go:242] attempting to acquire leader lease  kuma-system/kuma-cp-leader...
2021-01-27T11:15:47.516Z        INFO    controller-runtime.manager      starting metrics server {"path": "/metrics"}
2021-01-27T11:15:47.516Z        INFO    api-server      starting        {"interface": "0.0.0.0", "port": 5681}
2021-01-27T11:15:47.516Z        INFO    api-server      starting        {"interface": "0.0.0.0", "port": 5682, "tls": true}
2021-01-27T11:15:47.521Z        INFO    controller-runtime.webhook.webhooks     starting webhook server
2021-01-27T11:15:47.523Z        INFO    controller-runtime.certwatcher  Updated current TLS certificate
2021-01-27T11:15:47.523Z        INFO    controller-runtime.webhook      serving webhook server  {"host": "", "port": 5443}
2021-01-27T11:15:47.525Z        INFO    mads-server.grpc        starting        {"interface": "0.0.0.0", "port": 5676}
2021-01-27T11:15:47.525Z        INFO    dns-vips-synchronizer   starting the DNS VIPs Synchronizer
2021-01-27T11:15:47.525Z        INFO    dns-server      starting        {"address": "0.0.0.0:5653"}
2021-01-27T11:15:47.525Z        INFO    dp-server       starting        {"interface": "0.0.0.0", "port": 5678, "tls": true}
2021-01-27T11:15:47.527Z        INFO    xds-server.diagnostics  starting        {"interface": "0.0.0.0", "port": 5680}
2021-01-27T11:15:47.547Z        INFO    controller-runtime.certwatcher  Starting certificate watcher
I0127 11:15:47.587843       1 leaderelection.go:252] successfully acquired lease kuma-system/kuma-cp-leader
2021-01-27T11:15:47.588Z        INFO    metrics.store-counter   starting the resource counter
2021-01-27T11:15:47.592Z        INFO    controller      Starting EventSource    {"reconcilerGroup": "", "reconcilerKind": "Namespace", "controller": "namespace", "source": "kind source: /, Kind="}
2021-01-27T11:15:47.594Z        INFO    controller      Starting EventSource    {"reconcilerGroup": "kuma.io", "reconcilerKind": "Mesh", "controller": "mesh", "source": "kind source: /, Kind="}
2021-01-27T11:15:47.594Z        INFO    controller      Starting EventSource    {"reconcilerGroup": "kuma.io", "reconcilerKind": "Mesh", "controller": "mesh", "source": "kind source: /, Kind="}
2021-01-27T11:15:47.594Z        INFO    controller      Starting EventSource    {"reconcilerGroup": "", "reconcilerKind": "Pod", "controller": "pod", "source": "kind source: /, Kind="}
2021-01-27T11:15:47.594Z        INFO    controller      Starting EventSource    {"reconcilerGroup": "", "reconcilerKind": "ConfigMap", "controller": "configmap", "source": "kind source: /, Kind="}
2021-01-27T11:15:47.595Z        INFO    mesh-insight-resyncer   starting resilient component ...
2021-01-27T11:15:47.694Z        INFO    controller      Starting Controller     {"reconcilerGroup": "kuma.io", "reconcilerKind": "Mesh", "controller": "mesh"}
2021-01-27T11:15:47.694Z        INFO    controller      Starting Controller     {"reconcilerGroup": "", "reconcilerKind": "Namespace", "controller": "namespace"}
2021-01-27T11:15:47.695Z        INFO    controller      Starting Controller     {"reconcilerGroup": "kuma.io", "reconcilerKind": "Mesh", "controller": "mesh"}
2021-01-27T11:15:47.698Z        INFO    controller      Starting EventSource    {"reconcilerGroup": "", "reconcilerKind": "ConfigMap", "controller": "configmap", "source": "kind source: /, Kind="}
2021-01-27T11:15:47.700Z        INFO    defaults        trying to create default Mesh
2021-01-27T11:15:47.795Z        INFO    controller      Starting workers        {"reconcilerGroup": "kuma.io", "reconcilerKind": "Mesh", "controller": "mesh", "worker count": 1}
2021-01-27T11:15:47.796Z        INFO    controller      Starting EventSource    {"reconcilerGroup": "", "reconcilerKind": "Pod", "controller": "pod", "source": "kind source: /, Kind="}
2021-01-27T11:15:47.797Z        INFO    controller      Starting workers        {"reconcilerGroup": "kuma.io", "reconcilerKind": "Mesh", "controller": "mesh", "worker count": 1}
2021-01-27T11:15:47.797Z        INFO    controller      Starting workers        {"reconcilerGroup": "", "reconcilerKind": "Namespace", "controller": "namespace", "worker count": 1}
2021-01-27T11:15:47.799Z        INFO    controller      Starting EventSource    {"reconcilerGroup": "", "reconcilerKind": "Pod", "controller": "pod", "source": "kind source: /, Kind="}
2021-01-27T11:15:47.799Z        INFO    controller      Starting Controller     {"reconcilerGroup": "", "reconcilerKind": "Pod", "controller": "pod"}
2021-01-27T11:15:47.799Z        INFO    controller      Starting EventSource    {"reconcilerGroup": "", "reconcilerKind": "ConfigMap", "controller": "configmap", "source": "kind source: /, Kind="}
2021-01-27T11:15:47.799Z        INFO    controller      Starting EventSource    {"reconcilerGroup": "", "reconcilerKind": "ConfigMap", "controller": "configmap", "source": "kind source: /, Kind="}
2021-01-27T11:15:47.906Z        INFO    controller      Starting Controller     {"reconcilerGroup": "", "reconcilerKind": "ConfigMap", "controller": "configmap"}
2021-01-27T11:15:47.906Z        INFO    controller      Starting workers        {"reconcilerGroup": "", "reconcilerKind": "ConfigMap", "controller": "configmap", "worker count": 1}
2021-01-27T11:15:48.101Z        INFO    controller      Starting workers        {"reconcilerGroup": "", "reconcilerKind": "Pod", "controller": "pod", "worker count": 1}
2021-01-27T11:15:53.800Z        INFO    defaults        trying to create default Mesh
2021-01-27T11:16:28.854Z        INFO    defaults        trying to create default Mesh
2021-01-27T11:17:03.885Z        INFO    defaults        trying to create default Mesh
2021-01-27T11:17:38.916Z        INFO    defaults        trying to create default Mesh
2021-01-27T11:18:13.933Z        INFO    defaults        trying to create default Mesh
2021-01-27T11:18:48.999Z        INFO    defaults        trying to create default Mesh
2021-01-27T11:19:24.048Z        INFO    defaults        trying to create default Mesh
2021-01-27T11:19:59.068Z        INFO    defaults        trying to create default Mesh
2021-01-27T11:20:34.093Z        INFO    defaults        trying to create default Mesh
2021-01-27T11:21:09.139Z        INFO    defaults        trying to create default Mesh
2021-01-27T11:21:44.165Z        INFO    defaults        trying to create default Mesh
2021-01-27T11:22:19.286Z        INFO    defaults        trying to create default Mesh
2021-01-27T11:22:54.314Z        INFO    defaults        trying to create default Mesh
2021-01-27T11:23:29.372Z        INFO    defaults        trying to create default Mesh
2021-01-27T11:24:04.401Z        INFO    defaults        trying to create default Mesh
2021-01-27T11:24:39.421Z        INFO    defaults        trying to create default Mesh
2021-01-27T11:25:14.470Z        INFO    defaults        trying to create default Mesh
2021-01-27T11:25:47.599Z        INFO    defaults        trying to create default Mesh
2021-01-27T11:26:17.647Z        INFO    dns-vips-synchronizer   stopping
2021-01-27T11:26:17.647Z        INFO    mesh-insight-resyncer   stop
2021-01-27T11:26:17.647Z        INFO    metrics.store-counter   stopping
2021-01-27T11:26:17.650Z        INFO    controller      Stopping workers        {"reconcilerGroup": "", "reconcilerKind": "Pod", "controller": "pod"}
2021-01-27T11:26:17.650Z        INFO    controller      Stopping workers        {"reconcilerGroup": "", "reconcilerKind": "ConfigMap", "controller": "configmap"}
2021-01-27T11:26:17.650Z        INFO    controller      Stopping workers        {"reconcilerGroup": "", "reconcilerKind": "Namespace", "controller": "namespace"}
2021-01-27T11:26:17.650Z        INFO    controller      Stopping workers        {"reconcilerGroup": "kuma.io", "reconcilerKind": "Mesh", "controller": "mesh"}
2021-01-27T11:26:17.650Z        INFO    controller      Stopping workers        {"reconcilerGroup": "kuma.io", "reconcilerKind": "Mesh", "controller": "mesh"}
2021-01-27T11:26:17.654Z        INFO    api-server      stopping down API Server
2021-01-27T11:26:17.656Z        INFO    api-server      shutting down server
2021-01-27T11:26:17.656Z        INFO    xds-server.diagnostics  stopping
2021-01-27T11:26:17.656Z        INFO    xds-server.diagnostics  terminated normally
2021-01-27T11:26:17.656Z        INFO    dp-server       stopping
2021-01-27T11:26:17.656Z        INFO    dp-server       terminated normally
2021-01-27T11:26:17.656Z        INFO    dns-server      shutting down the DNS Server
2021-01-27T11:26:17.657Z        INFO    mads-server.grpc        stopping gracefully
2021-01-27T11:26:17.657Z        INFO    mads-server.grpc        terminated normally
2021-01-27T11:26:17.657Z        INFO    controller-runtime.webhook      shutting down webhook server
2021-01-27T11:26:17.650Z        ERROR   mesh-insight-resyncer   component terminated with an error      {"generationID": 1, "error": "stop channel was closed", "errorVerbose": "stop channel was closed\ngithub.com/kumahq/kuma/pkg/events.(*reader).Recv\n\t/go/src/github.com/kumahq/kuma/pkg/events/eventbus.go:57\ngithub.com/kumahq/kuma/pkg/insights.(*resyncer).Start\n\t/go/src/github.com/kumahq/kuma/pkg/insights/resyncer.go:101\ngithub.com/kumahq/kuma/pkg/core/runtime/component.(*resilientComponent).Start.func1\n\t/go/src/github.com/kumahq/kuma/pkg/core/runtime/component/resilient.go:43\nruntime.goexit\n\t/usr/local/go/src/runtime/asm_amd64.s:1374"}
2021-01-27T11:26:22.658Z        INFO    mesh-insight-resyncer   done
2021-01-27T11:26:22.658Z        INFO    mesh-insight-resyncer   stop
2021-01-27T11:26:22.658Z        ERROR   kuma-cp.run     problem running Control Plane   {"error": "could not create the default Mesh: retryable: failed to create k8s resource: Internal error occurred: failed calling webhook \"mesh.defaulter.kuma-admission.kuma.io\": Post \"https://kuma-control-plane.kuma-system.svc:443/default-kuma-io-v1alpha1-mesh?timeout=30s\": net/http: request canceled while waiting for connection (Client.Timeout exceeded while awaiting headers)", "errorVerbose": "retryable: failed to create k8s resource: Internal error occurred: failed calling webhook \"mesh.defaulter.kuma-admission.kuma.io\": Post \"https://kuma-control-plane.kuma-system.svc:443/default-kuma-io-v1alpha1-mesh?timeout=30s\": net/http: request canceled while waiting for connection (Client.Timeout exceeded while awaiting headers)\ncould not create the default Mesh\ngithub.com/kumahq/kuma/pkg/defaults.(*defaultsComponent).Start\n\t/go/src/github.com/kumahq/kuma/pkg/defaults/components.go:58\nsigs.k8s.io/controller-runtime/pkg/manager.(*controllerManager).startRunnable.func1\n\t/go/pkg/mod/sigs.k8s.io/controller-runtime@v0.6.4/pkg/manager/internal.go:676\nruntime.goexit\n\t/usr/local/go/src/runtime/asm_amd64.s:1374"}
Error: could not create the default Mesh: retryable: failed to create k8s resource: Internal error occurred: failed calling webhook "mesh.defaulter.kuma-admission.kuma.io": Post "https://kuma-control-plane.kuma-system.svc:443/default-kuma-io-v1alpha1-mesh?timeout=30s": net/http: request canceled while waiting for connection (Client.Timeout exceeded while awaiting headers)
[centos@k8smaster bin]$
